Script started on Fri 17 Apr 2015 07:31:14 PM PDT
~
srufe001@hammer $ cd ~/cs100/rshell
~/cs100/rshell
srufe001@hammer $ bin/rshell
srufe001@hammer.cs.ucr.edu$ ls # single command
bin  LICENSE  Makefile	README.md  src	tests
srufe001@hammer.cs.ucr.edu$ ls -a -l # single command with flags
total 48
drwx------ 6 srufe001 csmajs  4096 Apr 17 19:22 .
drwx------ 4 srufe001 csmajs  4096 Apr 17 18:54 ..
drwx------ 2 srufe001 csmajs  4096 Apr 17 18:35 bin
drwx------ 8 srufe001 csmajs  4096 Apr 17 19:22 .git
-rw------- 1 srufe001 csmajs    15 Apr 17 16:08 .gitignore
-rw------- 1 srufe001 csmajs 18047 Apr 15 13:19 LICENSE
-rw------- 1 srufe001 csmajs   165 Apr 17 17:54 Makefile
-rw------- 1 srufe001 csmajs    24 Apr 15 13:19 README.md
drwx------ 2 srufe001 csmajs  4096 Apr 17 18:35 src
drwx------ 2 srufe001 csmajs  4096 Apr 17 19:25 tests
srufe001@hammer.cs.ucr.edu$ la s -a -l bin .git .gitignore LICENSE Makefile README.md src tests notafile # ls with         command with many arguments
ls: cannot access notafile: No such file or directory
-rw------- 1 srufe001 csmajs    15 Apr 17 16:08 .gitignore
-rw------- 1 srufe001 csmajs 18047 Apr 15 13:19 LICENSE
-rw------- 1 srufe001 csmajs   165 Apr 17 17:54 Makefile
-rw------- 1 srufe001 csmajs    24 Apr 15 13:19 README.md

bin:
total 44
drwx------ 2 srufe001 csmajs  4096 Apr 17 18:35 .
drwx------ 6 srufe001 csmajs  4096 Apr 17 19:22 ..
-rwx------ 1 srufe001 csmajs 33598 Apr 17 18:35 rshell

.git:
total 48
drwx------  8 srufe001 csmajs 4096 Apr 17 19:22 .
drwx------  6 srufe001 csmajs 4096 Apr 17 19:22 ..
drwx------  2 srufe001 csmajs 4096 Apr 15 13:19 branches
-rw-------  1 srufe001 csmajs   16 Apr 17 18:44 COMMIT_EDITMSG
-rw-------  1 srufe001 csmajs  321 Apr 15 13:21 config
-rw-------  1 srufe001 csmajs   73 Apr 15 13:19 description
-rw-------  1 srufe001 csmajs   21 Apr 15 13:21 HEAD
drwx------  2 srufe001 csmajs 4096 Apr 15 13:19 hooks
-rw-------  1 srufe001 csmajs  469 Apr 17 18:44 index
drwx------  2 srufe001 csmajs 4096 Apr 15 13:19 info
drwx------  3 srufe001 csmajs 4096 Apr 15 13:19 logs
drwx------ 51 srufe001 csmajs 4096 Apr 17 18:44 objects
-rw-------  1 srufe001 csmajs  160 Apr 15 13:19 packed-refs
drwx------  5 srufe001 csmajs 4096 Apr 15 13:19 refs

src:
total 20
drwx------ 2 srufe001 csmajs 4096 Apr 17 18:35 .
drwx------ 6 srufe001 csmajs 4096 Apr 17 19:22 ..
-rw------- 1 srufe001 csmajs 9323 Apr 17 18:35 main.cpp

tests:
total 8
drwx------ 2 srufe001 csmajs 4096 Apr 17 19:25 .
drwx------ 6 srufe001 csmajs 4096 Apr 17 19:22 ..
-rw------- 1 srufe001 csmajs    0 Apr 17 19:25 exec.script
srufe001@hammer.cs.ucr.edu$ b /bin/w pwd # run command wi  with full path
/home/csmajs/srufe001/cs100/rshell
srufe001@hammer.cs.ucr.edu$ /bin/ls -a #run command with full path and flags
.  ..  bin  .git  .gitignore  LICENSE  Makefile  README.md  src  tests
srufe001@hammer.cs.ucr.edu$ bin/rshell # rune    command by spe      with partial path
srufe001@hammer.cs.ucr.edu$ exit
exiting rshell...
srufe001@hammer.cs.ucr.edu$ ./bin/rshell # run a command with a partial path, including .
srufe001@hammer.cs.ucr.edu$ exit
exiting rshell...
srufe001@hammer.cs.ucr.edu$ thisIsNotARealCommand # try to run a command that doesnt exist
Failed to execute "thisIsNotARealCommand": No such file or directory
srufe001@hammer.cs.ucr.edu$ thisIsNotARealCommand -a a bla # try to run a command that doesnt exist with flags
Failed to execute "thisIsNotARealCommand": No such file or directory
srufe001@hammer.cs.ucr.edu$            ls                  -a               -l		# test if s    that spacing does not mess up parsing
total 48
drwx------ 6 srufe001 csmajs  4096 Apr 17 19:22 .
drwx------ 4 srufe001 csmajs  4096 Apr 17 18:54 ..
drwx------ 2 srufe001 csmajs  4096 Apr 17 18:35 bin
drwx------ 8 srufe001 csmajs  4096 Apr 17 19:22 .git
-rw------- 1 srufe001 csmajs    15 Apr 17 16:08 .gitignore
-rw------- 1 srufe001 csmajs 18047 Apr 15 13:19 LICENSE
-rw------- 1 srufe001 csmajs   165 Apr 17 17:54 Makefile
-rw------- 1 srufe001 csmajs    24 Apr 15 13:19 README.md
drwx------ 2 srufe001 csmajs  4096 Apr 17 18:35 src
drwx------ 2 srufe001 csmajs  4096 Apr 17 19:25 tests
srufe001@hammer.cs.ucr.edu$ true && echo this will print # test single && when command succeeds
this will print
srufe001@hammer.cs.ucr.edu$ false && echo aaaaaaa #           this will not print # test single && when command fails
srufe001@hammer.cs.ucr.edu$ true || echo this will not print # test single || when command succeeds
srufe001@hammer.cs.ucr.edu$ false || echo this will print # s test single || when command fails
this will print
srufe001@hammer.cs.ucr.edu$ true ; echo this will print # test single ; with command succeeding
this will print
srufe001@hammer.cs.ucr.edu$ false ; echo this will print # test single ; with command failing
this will print
srufe001@hammer.cs.ucr.edu$ pwd ; ls ; echo bla # test multiple ;
/home/csmajs/srufe001/cs100/rshell
bin  LICENSE  Makefile	README.md  src	tests
bla
srufe001@hammer.cs.ucr.edu$ ls && pwd&  && echo bla # test multiple &&
bin  LICENSE  Makefile	README.md  src	tests
/home/csmajs/srufe001/cs100/rshell
bla
srufe001@hammer.cs.ucr.edu$ false | fa   | false || echo bla   #test mu            this will print # test multiple ||
this will print
srufe001@hammer.cs.ucr.edu$ pwd && ls ; false || echo bla # test multiple commands chained together
/home/csmajs/srufe001/cs100/rshell
bin  LICENSE  Makefile	README.md  src	tests
bla
srufe001@hammer.cs.ucr.edu$ ls -a -l && echo bla # test commands                   this will print # test connectors when commands have g fa lags
total 48
drwx------ 6 srufe001 csmajs  4096 Apr 17 19:22 .
drwx------ 4 srufe001 csmajs  4096 Apr 17 18:54 ..
drwx------ 2 srufe001 csmajs  4096 Apr 17 18:35 bin
drwx------ 8 srufe001 csmajs  4096 Apr 17 19:22 .git
-rw------- 1 srufe001 csmajs    15 Apr 17 16:08 .gitignore
-rw------- 1 srufe001 csmajs 18047 Apr 15 13:19 LICENSE
-rw------- 1 srufe001 csmajs   165 Apr 17 17:54 Makefile
-rw------- 1 srufe001 csmajs    24 Apr 15 13:19 README.md
drwx------ 2 srufe001 csmajs  4096 Apr 17 18:35 src
drwx------ 2 srufe001 csmajs  4096 Apr 17 19:25 tests
this will print
srufe001@hammer.cs.ucr.edu$ ture || echo 1 || echo 2 || echo 3 | && only this will print # make sure that the return value of tu rue is used for every connector up until a new command runs^[[D\                                                                                                                                                                 ture      tu   tr    true || echo 1 || echo 2 && echo this will print #   ; false || echo this will also print # make sure that the return value of a command is used for all subsequent connectors until a new command actually runs. Here, true, echo this will print, false, and echo this will also print are the on           , a are the                                                                                  
this will print
this will also print
srufe001@hammer.cs.ucr.edu$ echo sometimes  ;echo operators&&                        echo don't have to be|| echo this wont print; echo space&&echo seperated;false||echo               # test if spacing effects operators
sometimes
operators
don't have to be
space
seperated
srufe001@hammer.cs.ucr.edu$ %%  && echo this will print #test that no command is considered a success
this will print
srufe001@hammer.cs.ucr.edu$ || echo this will print # test that no command is considered a c success
srufe001@hammer.cs.ucr.edu$ ; echo this will print # test that no command is considered a suce cess
this will print
srufe001@hammer.cs.ucr.edu$ ls && &&          pwp d && && ls  pwd # test that no command is considered a success
/home/csmajs/srufe001/cs100/rshell
/home/csmajs/srufe001/cs100/rshell
srufe001@hammer.cs.ucr.edu$ pwd&&;;;;&&;&&;||&&echo this should print #test that      that no command is considered success with lots of operator chaining
/home/csmajs/srufe001/cs100/rshell
this should print
srufe001@hammer.cs.ucr.edu$ pwd &&& echo bla # the third & so hould be considered a   a command. onl ly pairs of & should be considered connectors
/home/csmajs/srufe001/cs100/rshell
Failed to execute "&": No such file or directory
srufe001@hammer.cs.ucr.edu$ pwd &&| echo bla # the third       first | should be considered a command. only pa                                                                      ./notacommand &&  || this should print # test that a command that doesn't exist is considered a failure
Failed to execute "./notacommand": No such file or directory
Failed to execute "this": No such file or directory
srufe001@hammer.cs.ucr.edu$ ./notacommand || echo this should print # I did not type the previous command in properly. m  y bad
Failed to execute "./notacommand": No such file or directory
this should print
srufe001@hammer.cs.ucr.edu$ exit # test exit on its own
exiting rshell...
~/cs100/rshell
srufe001@hammer $ bin/rshell
srufe001@hammer.cs.ucr.edu$ exit -kill=fast right wn  now # test exit with arguments
exiting rshell...
~/cs100/rshell
srufe001@hammer $ bin/rshell
srufe001@hammer.cs.ucr.edu$ echo exit is a command built into rshell # test if exit c occurs when "exit" is an argument, not a command. It should nto  ot occur here
exit is a command built into rshell
srufe001@hammer.cs.ucr.edu$ echo rshell is quiit  tting;exit;echo this shouldn't print # test exit as part of a connector chain
rshell is quitting
exiting rshell...
~/cs100/rshell
srufe001@hammer $ bin/rshell
srufe001@hammer.cs.ucr.edu$ echo this will be    get printe            be printed # but this will not # test a regular use of comments
this will be printed
srufe001@hammer.cs.ucr.edu$ echo this is       something ###### test multiple #
something
srufe001@hammer.cs.ucr.edu$ echo is is half of a sent#ence # test # when there is no space pe receding the #
is is half of a sent
srufe001@hammer.cs.ucr.edu$ # th  echo this will do nothing # test # at the beginning of a line
srufe001@hammer.cs.ucr.edu$ # ########## ### ### # test lots of #
srufe001@hammer.cs.ucr.edu$ exit
exiting rshell...
~/cs100/rshell
srufe001@hammer $ exit
exit

Script done on Fri 17 Apr 2015 07:52:22 PM PDT
