Script started on Fri 17 Apr 2015 10:54:25 PM PDT
~
srufe001@hammer $ cd ~/cs100/rshell
~/cs100/rshell
srufe001@hammer $ bin/rshell
srufe001@hammer.cs.ucr.edu$ ls # single command
bin  LICENSE  Makefile	README.md  src	tests
srufe001@hammer.cs.ucr.edu$ ls -a -l # single command with flags
total 52
drwx------ 6 srufe001 csmajs  4096 Apr 17 20:46 .
drwx------ 4 srufe001 csmajs  4096 Apr 17 18:54 ..
drwx------ 2 srufe001 csmajs  4096 Apr 17 22:46 bin
drwx------ 8 srufe001 csmajs  4096 Apr 17 22:47 .git
-rw------- 1 srufe001 csmajs    15 Apr 17 16:08 .gitignore
-rw------- 1 srufe001 csmajs 18047 Apr 15 13:19 LICENSE
-rw------- 1 srufe001 csmajs   165 Apr 17 17:54 Makefile
-rw------- 1 srufe001 csmajs  1955 Apr 17 20:46 README.md
drwx------ 2 srufe001 csmajs  4096 Apr 17 22:46 src
drwx------ 2 srufe001 csmajs  4096 Apr 17 22:48 tests
srufe001@hammer.cs.ucr.edu$ ls -a -l bin .git .gitignore LICENSE Makefile REA	A DME.md src tests notafile # ls wit      command with many arguments
ls: cannot access notafile: No such file or directory
-rw------- 1 srufe001 csmajs    15 Apr 17 16:08 .gitignore
-rw------- 1 srufe001 csmajs 18047 Apr 15 13:19 LICENSE
-rw------- 1 srufe001 csmajs   165 Apr 17 17:54 Makefile
-rw------- 1 srufe001 csmajs  1955 Apr 17 20:46 README.md

bin:
total 44
drwx------ 2 srufe001 csmajs  4096 Apr 17 22:46 .
drwx------ 6 srufe001 csmajs  4096 Apr 17 20:46 ..
-rwx------ 1 srufe001 csmajs 33176 Apr 17 22:46 rshell

.git:
total 48
drwx------  8 srufe001 csmajs 4096 Apr 17 22:47 .
drwx------  6 srufe001 csmajs 4096 Apr 17 20:46 ..
drwx------  2 srufe001 csmajs 4096 Apr 15 13:19 branches
-rw-------  1 srufe001 csmajs   32 Apr 17 22:47 COMMIT_EDITMSG
-rw-------  1 srufe001 csmajs  321 Apr 15 13:21 config
-rw-------  1 srufe001 csmajs   73 Apr 15 13:19 description
-rw-------  1 srufe001 csmajs   21 Apr 15 13:21 HEAD
drwx------  2 srufe001 csmajs 4096 Apr 15 13:19 hooks
-rw-------  1 srufe001 csmajs  469 Apr 17 22:47 index
drwx------  2 srufe001 csmajs 4096 Apr 15 13:19 info
drwx------  3 srufe001 csmajs 4096 Apr 15 13:19 logs
drwx------ 65 srufe001 csmajs 4096 Apr 17 22:47 objects
-rw-------  1 srufe001 csmajs  160 Apr 15 13:19 packed-refs
drwx------  5 srufe001 csmajs 4096 Apr 15 13:19 refs

src:
total 20
drwx------ 2 srufe001 csmajs 4096 Apr 17 22:46 .
drwx------ 6 srufe001 csmajs 4096 Apr 17 20:46 ..
-rw------- 1 srufe001 csmajs 9280 Apr 17 22:46 main.cpp

tests:
total 8
drwx------ 2 srufe001 csmajs 4096 Apr 17 22:48 .
drwx------ 6 srufe001 csmajs 4096 Apr 17 20:46 ..
-rw------- 1 srufe001 csmajs    0 Apr 17 22:48 exec.script
srufe001@hammer.cs.ucr.edu$ /bin/pwd # run command with full path
/home/csmajs/srufe001/cs100/rshell
srufe001@hammer.cs.ucr.edu$ /bin/ls -a # rune command with full path and flags
.  ..  bin  .git  .gitignore  LICENSE  Makefile  README.md  src  tests
srufe001@hammer.cs.ucr.edu$ bin/rshell # run command with partial path
srufe001@hammer.cs.ucr.edu$ exit
srufe001@hammer.cs.ucr.edu$ ./bin/rshell # run a command with a partial path, including .
srufe001@hammer.cs.ucr.edu$ exit
srufe001@hammer.cs.ucr.edu$ thisIsNotARealCommand # try to run a command that doesnt exist
Failed to execute "thisIsNotARealCommand": No such file or directory
srufe001@hammer.cs.ucr.edu$ thisIsNotARealCommand -a a bla # try to run a command doesnt exist with flags
Failed to execute "thisIsNotARealCommand": No such file or directory
srufe001@hammer.cs.ucr.edu$              ls      			-a     -l   # test is  that spacing does not mess up parsing
total 52
drwx------ 6 srufe001 csmajs  4096 Apr 17 20:46 .
drwx------ 4 srufe001 csmajs  4096 Apr 17 18:54 ..
drwx------ 2 srufe001 csmajs  4096 Apr 17 22:46 bin
drwx------ 8 srufe001 csmajs  4096 Apr 17 22:47 .git
-rw------- 1 srufe001 csmajs    15 Apr 17 16:08 .gitignore
-rw------- 1 srufe001 csmajs 18047 Apr 15 13:19 LICENSE
-rw------- 1 srufe001 csmajs   165 Apr 17 17:54 Makefile
-rw------- 1 srufe001 csmajs  1955 Apr 17 20:46 README.md
drwx------ 2 srufe001 csmajs  4096 Apr 17 22:46 src
drwx------ 2 srufe001 csmajs  4096 Apr 17 22:48 tests
srufe001@hammer.cs.ucr.edu$ true && echo this will print # test single && command         when command succeeds
this will print
srufe001@hammer.cs.ucr.edu$ false && eco ho this will not print # test single && when command fails
srufe001@hammer.cs.ucr.edu$ true || echo this will not print # test single || when command succeeds
srufe001@hammer.cs.ucr.edu$ false || echo this will print # test single || when commands  fails
this will print
srufe001@hammer.cs.ucr.edu$ true ; echo this will print # test single ; with commmand suc                 when command succeeds
this will print
srufe001@hammer.cs.ucr.edu$ false ; echo this will print # test t single ; with comm         when command succeeds
this will print
srufe001@hammer.cs.ucr.edu$ # the aboce    ve command's s comment should have said "echo      test single ; when command fails"
srufe001@hammer.cs.ucr.edu$ pwd ; ls ; echo bla # test multiple ;
/home/csmajs/srufe001/cs100/rshell
bin  LICENSE  Makefile	README.md  src	tests
bla
srufe001@hammer.cs.ucr.edu$ ls && pwd && echo bla # test multiple &&
bin  LICENSE  Makefile	README.md  src	tests
/home/csmajs/srufe001/cs100/rshell
bla
srufe001@hammer.cs.ucr.edu$ false || false || echo bla   this will print # test multiple com                 test multiple ||
this will print
srufe001@hammer.cs.ucr.edu$ pwd && ls ; false || echo this will print # test multiple commands chained together
/home/csmajs/srufe001/cs100/rshell
bin  LICENSE  Makefile	README.md  src	tests
this will print
srufe001@hammer.cs.ucr.edu$ ls -a -l && echo this will print # test connectors when commands have flags
total 52
drwx------ 6 srufe001 csmajs  4096 Apr 17 20:46 .
drwx------ 4 srufe001 csmajs  4096 Apr 17 18:54 ..
drwx------ 2 srufe001 csmajs  4096 Apr 17 22:46 bin
drwx------ 8 srufe001 csmajs  4096 Apr 17 22:47 .git
-rw------- 1 srufe001 csmajs    15 Apr 17 16:08 .gitignore
-rw------- 1 srufe001 csmajs 18047 Apr 15 13:19 LICENSE
-rw------- 1 srufe001 csmajs   165 Apr 17 17:54 Makefile
-rw------- 1 srufe001 csmajs  1955 Apr 17 20:46 README.md
drwx------ 2 srufe001 csmajs  4096 Apr 17 22:46 src
drwx------ 2 srufe001 csmajs  4096 Apr 17 22:48 tests
this will print
srufe001@hammer.cs.ucr.edu$ true ec  || echo 1 || echo 2 && echo only this will print # make sure that the return value of true      a command is used for every connector un p until a new command r is executed
only this will print
srufe001@hammer.cs.ucr.edu$ true || echo 1 || echo 2 && echo this will print ; false || echo this will also print # more compi licated version of the previous test
this will print
this will also print
srufe001@hammer.cs.ucr.edu$ echo sometimes        ;echo operators&&             		echo don't    t have to be  || echo this wont print; echo space&&echo separated;false # sometiems            test if spacing effects operators
sometimes
operators
dont have to be
space
separated
srufe001@hammer.cs.ucr.edu$ && echo this will print # test that no command is considered a success
this will print
srufe001@hammer.cs.ucr.edu$ || echo this will not print # test that no command is considered a success
srufe001@hammer.cs.ucr.edu$ ; echo this will print # test that no command is considered a suuccess     cc   ccess
this will print
srufe001@hammer.cs.ucr.edu$ ls && &&          pwd && && ls # test that no command is considered a success
/home/csmajs/srufe001/cs100/rshell
bin  LICENSE  Makefile	README.md  src	tests
srufe001@hammer.cs.ucr.edu$ pwd&&;;;;&&;&&;}}&&e     ||&& echo this will print # test that no command is considered a success with lots of operator chaining
/home/csmajs/srufe001/cs100/rshell
this will print
srufe001@hammer.cs.ucr.edu$ pwd &&& echo bla # the third & should be considered a command. only pairs of & shoul     (or |) should be considered o b     d to be connectors
/home/csmajs/srufe001/cs100/rshell
Failed to execute "&": No such file or directory
srufe001@hammer.cs.ucr.edu$ pwd &&| echo bla # the t first     | should be considered a command. only   pairs of | should be considered to eb  be connectors
/home/csmajs/srufe001/cs100/rshell
Failed to execute "|": No such file or directory
srufe001@hammer.cs.ucr.edu$ ./notacommand || echo this should print # test that a command that does not exist is considered a failure
Failed to execute "./notacommand": No such file or directory
this should print
srufe001@hammer.cs.ucr.edu$ exit # test exit on its own
~/cs100/rshell
srufe001@hammer $ bin/rshell
srufe001@hammer.cs.ucr.edu$ exit -kill-fast right now # test exit with arguments
~/cs100/rshell
srufe001@hammer $ bin/rshell
srufe001@hammer.cs.ucr.edu$ echo exit is a command built into rshell # test if exit off  ccurs when ex  "exit" is an argument, not a command. It should not occur here
exit is a command built into rshell
srufe001@hammer.cs.ucr.edu$ echo rshell is quitting;exit;echo this shouldn't run   pr     t 't print          t print # test exit as part of a connector chain
rshell is quitting
~/cs100/rshell
srufe001@hammer $ bin/rshell
srufe001@hammer.cs.ucr.edu$ echo this will be    get   be printed # but this will now # test a regul       comments
this will be printed
srufe001@hammer.cs.ucr.edu$ echo this is something###    #### test multiple #
this is something
srufe001@hammer.cs.ucr.edu$ echo this is half of a sent t#ence # test if comments work when no space precedes the #
this is half of a sent
srufe001@hammer.cs.ucr.edu$ # t echo this will not print # test #   a command with # at the beginning of the line
srufe001@hammer.cs.ucr.edu$ #    #      ########### ### #### test lots of # #
srufe001@hammer.cs.ucr.edu$ # ############# ### test lots of #
srufe001@hammer.cs.ucr.edu$ exit
~/cs100/rshell
srufe001@hammer $ exit
exit

Script done on Fri 17 Apr 2015 11:15:37 PM PDT
